// Jest Snapshot v1, https://goo.gl/fbAQLP

exports[`Counter component Should do match with its snapshot 1`] = `
<h2>Counter</h2>
<p>100<sup>2</sup> = 10000</p>
<p data-testid="counter">100</p>
<div><button data-testid="increment">+1</button><button data-testid="decrease">-1</button></div>
`;
