// Jest Snapshot v1, https://goo.gl/fbAQLP

exports[`Indecision Component Should do match with its snapshot 1`] = `
<h1>Indecision</h1>
<!--v-if-->
<div class="bg-dark"></div>
<div class="indecision-container"><input type="text" placeholder="ask me a yes or no question">
  <p>Remember finish your question with ? character</p>
  <!--v-if-->
</div>
`;
